<head>
	<title>Title of index2.html</title>
	<meta name="description" content="Some other description">
</head>
<body>
	<h1>Successful Environment String Test</h1>
	 <p>Successful Environment Function Test</p> 
</body>
</html>